[backblue.gif]
[fade.gif]
[index.html]
[img23.photobucket.com/albums/v69/film-grrl/Saxaphone.jpg]
[images.diaryland.com/diaryimages/diaryland1.gif]
[aidan-cage.diaryland.com/index.html]
[aidan-cage.diaryland.com/090318_59.html]
[aidan-cage.diaryland.com/index-2.html]
[aidan-cage.diaryland.com/older.html]
[aidan-cage.diaryland.com/081118_90.html]
[aidan-cage.diaryland.com/seals.html]
[aidan-cage.diaryland.com/080928_2.html]
[aidan-cage.diaryland.com/080923_89.html]
[aidan-cage.diaryland.com/080923_27.html]
[aidan-cage.diaryland.com/080917_51.html]
[aidan-cage.diaryland.com/080828_6.html]
[aidan-cage.diaryland.com/080811_38.html]
[documents.scribd.com/ScribdViewer96ec.swf]
[aidan-cage.diaryland.com/080719_88.html]
[aidan-cage.diaryland.com/080629_44.html]
[aidan-cage.diaryland.com/080615_64.html]
[aidan-cage.diaryland.com/Florida.html]
[aidan-cage.diaryland.com/RoadShort.html]
[aidan-cage.diaryland.com/Carrie.html]
[aidan-cage.diaryland.com/080408_61.html]
[aidan-cage.diaryland.com/080228_68.html]
[aidan-cage.diaryland.com/080206_55.html]
[aidan-cage.diaryland.com/080124_57.html]
[aidan-cage.diaryland.com/080118_77.html]
[aidan-cage.diaryland.com/080110_30.html]
[aidan-cage.diaryland.com/071223_99.html]
[aidan-cage.diaryland.com/071018_48.html]
[aidan-cage.diaryland.com/070831_56.html]
[i85.photobucket.com/albums/k65/aidan_cage/infinity_tree2.jpg]
[aidan-cage.diaryland.com/070813_19.html]
[aidan-cage.diaryland.com/070729_42.html]
[aidan-cage.diaryland.com/070710_57.html]
[aidan-cage.diaryland.com/070703_90.html]
[aidan-cage.diaryland.com/070508_50.html]
[aidan-cage.diaryland.com/070405_27.html]
[aidan-cage.diaryland.com/070329_54.html]
[aidan-cage.diaryland.com/070327_30.html]
[i85.photobucket.com/albums/k65/aidan_cage/op_art2.jpg]
[imagegen.last.fm/Awesome35/oartists/aidan_cage.gif]
[aidan-cage.diaryland.com/070325_99.html]
[aidan-cage.diaryland.com/070325_36.html]
[aidan-cage.diaryland.com/070323_66.html]
[aidan-cage.diaryland.com/070321_71.html]
[aidan-cage.diaryland.com/070312_34.html]
[aidan-cage.diaryland.com/070212_20.html]
[aidan-cage.diaryland.com/070204_19.html]
[aidan-cage.diaryland.com/061215_19.html]
[aidan-cage.diaryland.com/061129_80.html]
[aidan-cage.diaryland.com/061126_62.html]
[aidan-cage.diaryland.com/061122_88.html]
[aidan-cage.diaryland.com/061111_34.html]
[aidan-cage.diaryland.com/061031_15.html]
[aidan-cage.diaryland.com/061027_27.html]
[aidan-cage.diaryland.com/061025_2.html]
[aidan-cage.diaryland.com/061020_8.html]
[i85.photobucket.com/albums/k65/aidan_cage/teens2.gif]
[aidan-cage.diaryland.com/061016_19.html]
[aidan-cage.diaryland.com/061013_91.html]
[aidan-cage.diaryland.com/061010_77.html]
[aidan-cage.diaryland.com/061007_13.html]
[aidan-cage.diaryland.com/061007_7.html]
[aidan-cage.diaryland.com/060930_83.html]
[aidan-cage.diaryland.com/060928_56.html]
[aidan-cage.diaryland.com/060921_77.html]
[aidan-cage.diaryland.com/060919_59.html]
[aidan-cage.diaryland.com/060916_64.html]
[aidan-cage.diaryland.com/060916_69.html]
[aidan-cage.diaryland.com/060914_74.html]
[aidan-cage.diaryland.com/060913_32.html]
[aidan-cage.diaryland.com/060908_36.html]
[aidan-cage.diaryland.com/060907_56.html]
[aidan-cage.diaryland.com/060901_55.html]
[aidan-cage.diaryland.com/060827_7.html]
[aidan-cage.diaryland.com/060825_82.html]
[aidan-cage.diaryland.com/060823_69.html]
[aidan-cage.diaryland.com/060822_44.html]
[aidan-cage.diaryland.com/060820_20.html]
[aidan-cage.diaryland.com/060816_59.html]
[aidan-cage.diaryland.com/060803_64.html]
[aidan-cage.diaryland.com/060731_96.html]
[aidan-cage.diaryland.com/060712_11.html]
[aidan-cage.diaryland.com/060528_76.html]
[aidan-cage.diaryland.com/060511_13.html]
[aidan-cage.diaryland.com/060508_84.html]
[aidan-cage.diaryland.com/060430_52.html]
[aidan-cage.diaryland.com/060416_9.html]
[aidan-cage.diaryland.com/060407_53.html]
[aidan-cage.diaryland.com/060324_50.html]
[aidan-cage.diaryland.com/060315_10.html]
[aidan-cage.diaryland.com/060303_33.html]
[aidan-cage.diaryland.com/060218_18.html]
[aidan-cage.diaryland.com/060206_1.html]
[aidan-cage.diaryland.com/060113_15.html]
[aidan-cage.diaryland.com/060110_82.html]
[aidan-cage.diaryland.com/060103_55.html]
[aidan-cage.diaryland.com/051231_6.html]
[aidan-cage.diaryland.com/051225_73.html]
[aidan-cage.diaryland.com/051222_74.html]
[aidan-cage.diaryland.com/051221_19.html]
[aidan-cage.diaryland.com/051216_62.html]
[aidan-cage.diaryland.com/sure.html]
[aidan-cage.diaryland.com/051213_8.html]
[aidan-cage.diaryland.com/051211_81.html]
[aidan-cage.diaryland.com/051210_10.html]
[aidan-cage.diaryland.com/051210_97.html]
[aidan-cage.diaryland.com/051208_47.html]
[aidan-cage.diaryland.com/051202_72.html]
[aidan-cage.diaryland.com/nell.html]
[aidan-cage.diaryland.com/051122_9.html]
[aidan-cage.diaryland.com/051116_51.html]
[aidan-cage.diaryland.com/051016_76.html]
[aidan-cage.diaryland.com/051014_86.html]
[aidan-cage.diaryland.com/051004_83.html]
[aidan-cage.diaryland.com/050925_40.html]
[aidan-cage.diaryland.com/050921_73.html]
[aidan-cage.diaryland.com/050826_17.html]
[aidan-cage.diaryland.com/050824_79.html]
[aidan-cage.diaryland.com/050818_45.html]
[aidan-cage.diaryland.com/050809_68.html]
[aidan-cage.diaryland.com/050805_98.html]
[aidan-cage.diaryland.com/050801_4.html]
[aidan-cage.diaryland.com/050730_1.html]
[aidan-cage.diaryland.com/050727_62.html]
[aidan-cage.diaryland.com/050717_50.html]
[aidan-cage.diaryland.com/050717_15.html]
[aidan-cage.diaryland.com/050630_83.html]
[aidan-cage.diaryland.com/050621_11.html]
[aidan-cage.diaryland.com/050617_94.html]
[aidan-cage.diaryland.com/050613_66.html]
[aidan-cage.diaryland.com/050606_8.html]
[aidan-cage.diaryland.com/050601_91.html]
[aidan-cage.diaryland.com/050525_85.html]
[aidan-cage.diaryland.com/050519_34.html]
[aidan-cage.diaryland.com/050519_17.html]
[aidan-cage.diaryland.com/050516_83.html]
[aidan-cage.diaryland.com/050514_67.html]
[aidan-cage.diaryland.com/050514_30.html]
[aidan-cage.diaryland.com/050510_16.html]
[aidan-cage.diaryland.com/050508_26.html]
[aidan-cage.diaryland.com/050507_57.html]
[aidan-cage.diaryland.com/050507_23.html]
[aidan-cage.diaryland.com/050506_7.html]
[aidan-cage.diaryland.com/050430_75.html]
[aidan-cage.diaryland.com/050428_10.html]
[aidan-cage.diaryland.com/050427_49.html]
[aidan-cage.diaryland.com/050426_58.html]
[aidan-cage.diaryland.com/050424_25.html]
[aidan-cage.diaryland.com/050421_16.html]
[aidan-cage.diaryland.com/050420_50.html]
[aidan-cage.diaryland.com/050412_55.html]
[aidan-cage.diaryland.com/050411_41.html]
[aidan-cage.diaryland.com/050409_12.html]
[aidan-cage.diaryland.com/050407_38.html]
[aidan-cage.diaryland.com/050403_22.html]
[aidan-cage.diaryland.com/050329_19.html]
[aidan-cage.diaryland.com/050325_73.html]
[aidan-cage.diaryland.com/050324_14.html]
[aidan-cage.diaryland.com/050311_41.html]
[aidan-cage.diaryland.com/050309_24.html]
[aidan-cage.diaryland.com/050306_98.html]
[aidan-cage.diaryland.com/050227_16.html]
[aidan-cage.diaryland.com/050223_63.html]
[aidan-cage.diaryland.com/050221_42.html]
[aidan-cage.diaryland.com/050217_72.html]
[aidan-cage.diaryland.com/050212_67.html]
[aidan-cage.diaryland.com/050206_2.html]
[aidan-cage.diaryland.com/050203_50.html]
[aidan-cage.diaryland.com/050202_26.html]
[aidan-cage.diaryland.com/050201_75.html]
[aidan-cage.diaryland.com/050127_97.html]
[aidan-cage.diaryland.com/050126_75.html]
[aidan-cage.diaryland.com/050119_13.html]
[aidan-cage.diaryland.com/050113_8.html]
[aidan-cage.diaryland.com/050110_4.html]
[aidan-cage.diaryland.com/050106_26.html]
[aidan-cage.diaryland.com/041227_64.html]
[aidan-cage.diaryland.com/041225_36.html]
[aidan-cage.diaryland.com/041220_95.html]
[aidan-cage.diaryland.com/041216_38.html]
[aidan-cage.diaryland.com/041209_70.html]
[aidan-cage.diaryland.com/041207_69.html]
[aidan-cage.diaryland.com/041201_26.html]
[aidan-cage.diaryland.com/041126_88.html]
[aidan-cage.diaryland.com/041124_26.html]
[aidan-cage.diaryland.com/041120_2.html]
[aidan-cage.diaryland.com/041118_18.html]
[aidan-cage.diaryland.com/041113_77.html]
[aidan-cage.diaryland.com/041111_89.html]
[aidan-cage.diaryland.com/041107_47.html]
[aidan-cage.diaryland.com/041102_32.html]
[aidan-cage.diaryland.com/041028_38.html]
[aidan-cage.diaryland.com/041026_6.html]
[aidan-cage.diaryland.com/041022_32.html]
[aidan-cage.diaryland.com/041014_90.html]
[aidan-cage.diaryland.com/041013_21.html]
[aidan-cage.diaryland.com/040928_64.html]
[aidan-cage.diaryland.com/040926_36.html]
[aidan-cage.diaryland.com/040915_54.html]
[aidan-cage.diaryland.com/040914_25.html]
[aidan-cage.diaryland.com/040912_50.html]
[aidan-cage.diaryland.com/040907_38.html]
[aidan-cage.diaryland.com/040824_79.html]
[aidan-cage.diaryland.com/040818_67.html]
[aidan-cage.diaryland.com/040813_11.html]
[aidan-cage.diaryland.com/040808_43.html]
[aidan-cage.diaryland.com/040806_97.html]
[aidan-cage.diaryland.com/040803_76.html]
[aidan-cage.diaryland.com/040720_58.html]
[aidan-cage.diaryland.com/040715_62.html]
[aidan-cage.diaryland.com/040711_6.html]
[aidan-cage.diaryland.com/040710_79.html]
[aidan-cage.diaryland.com/040707_34.html]
[aidan-cage.diaryland.com/040629_57.html]
[aidan-cage.diaryland.com/040627_51.html]
[aidan-cage.diaryland.com/040625_43.html]
[aidan-cage.diaryland.com/040624_7.html]
[aidan-cage.diaryland.com/040620_43.html]
[aidan-cage.diaryland.com/040618_26.html]
[aidan-cage.diaryland.com/040618_73.html]
[aidan-cage.diaryland.com/040610_38.html]
[aidan-cage.diaryland.com/040608_97.html]
[aidan-cage.diaryland.com/040603_1.html]
[aidan-cage.diaryland.com/040531_58.html]
[aidan-cage.diaryland.com/040526_22.html]
[aidan-cage.diaryland.com/040524_10.html]
[aidan-cage.diaryland.com/040523_88.html]
[aidan-cage.diaryland.com/040519_62.html]
[aidan-cage.diaryland.com/040517_51.html]
[aidan-cage.diaryland.com/040516_38.html]
[aidan-cage.diaryland.com/040514_80.html]
[aidan-cage.diaryland.com/lost.html]
[aidan-cage.diaryland.com/040509_84.html]
[aidan-cage.diaryland.com/bloobs.html]
[aidan-cage.diaryland.com/not.html]
[aidan-cage.diaryland.com/040503_82.html]
[aidan-cage.diaryland.com/040430_46.html]
[aidan-cage.diaryland.com/artfart.html]
[aidan-cage.diaryland.com/040422_50.html]
[aidan-cage.diaryland.com/040421_94.html]
[aidan-cage.diaryland.com/040418_17.html]
[aidan-cage.diaryland.com/040415_22.html]
[aidan-cage.diaryland.com/040413_23.html]
[aidan-cage.diaryland.com/040411_8.html]
[aidan-cage.diaryland.com/040411_76.html]
[aidan-cage.diaryland.com/040408_57.html]
[aidan-cage.diaryland.com/040407_12.html]
[aidan-cage.diaryland.com/peace.html]
[aidan-cage.diaryland.com/040327_69.html]
[aidan-cage.diaryland.com/040326_59.html]
[aidan-cage.diaryland.com/040325_96.html]
[aidan-cage.diaryland.com/040323_34.html]
[aidan-cage.diaryland.com/040322_22.html]
[aidan-cage.diaryland.com/040318_3.html]
[aidan-cage.diaryland.com/040317_27.html]
[aidan-cage.diaryland.com/040314_2.html]
[aidan-cage.diaryland.com/040313_72.html]
[aidan-cage.diaryland.com/040312_10.html]
[aidan-cage.diaryland.com/040312_37.html]
[aidan-cage.diaryland.com/040311_12.html]
[aidan-cage.diaryland.com/040311_41.html]
[aidan-cage.diaryland.com/040310_44.html]
[aidan-cage.diaryland.com/040310_24.html]
[aidan-cage.diaryland.com/040308_27.html]
[aidan-cage.diaryland.com/040304_22.html]
[aidan-cage.diaryland.com/040304_32.html]
[aidan-cage.diaryland.com/040303_3.html]
[aidan-cage.diaryland.com/040302_5.html]
[aidan-cage.diaryland.com/040301_1.html]
[aidan-cage.diaryland.com/040301_48.html]
[aidan-cage.diaryland.com/040227_91.html]
[aidan-cage.diaryland.com/040225_74.html]
[aidan-cage.diaryland.com/040222_78.html]
[aidan-cage.diaryland.com/040219_2.html]
[aidan-cage.diaryland.com/040217_75.html]
[aidan-cage.diaryland.com/040215_25.html]
[aidan-cage.diaryland.com/040214_96.html]
[aidan-cage.diaryland.com/040205_60.html]
[aidan-cage.diaryland.com/040204_90.html]
[aidan-cage.diaryland.com/040203_50.html]
[aidan-cage.diaryland.com/040202_2.html]
[aidan-cage.diaryland.com/040128_85.html]
[aidan-cage.diaryland.com/040126_38.html]
[aidan-cage.diaryland.com/040123_37.html]
[aidan-cage.diaryland.com/040117_10.html]
[aidan-cage.diaryland.com/040116_76.html]
[aidan-cage.diaryland.com/040115_96.html]
[aidan-cage.diaryland.com/040113_63.html]
[aidan-cage.diaryland.com/040109_73.html]
[aidan-cage.diaryland.com/040107_62.html]
[aidan-cage.diaryland.com/031229_54.html]
[aidan-cage.diaryland.com/031226_77.html]
[aidan-cage.diaryland.com/031213_63.html]
[aidan-cage.diaryland.com/031211_98.html]
[aidan-cage.diaryland.com/031209_17.html]
[aidan-cage.diaryland.com/031208_33.html]
[aidan-cage.diaryland.com/031203_52.html]
[aidan-cage.diaryland.com/031128_90.html]
[aidan-cage.diaryland.com/031125_62.html]
[aidan-cage.diaryland.com/031119_66.html]
[aidan-cage.diaryland.com/031106_70.html]
[aidan-cage.diaryland.com/031019_56.html]
[aidan-cage.diaryland.com/031009_46.html]
[aidan-cage.diaryland.com/031006_95.html]
[aidan-cage.diaryland.com/031003_39.html]
[aidan-cage.diaryland.com/031001_76.html]
[aidan-cage.diaryland.com/030922_21.html]
[aidan-cage.diaryland.com/030908_3.html]
[aidan-cage.diaryland.com/030828_28.html]
[aidan-cage.diaryland.com/030820_21.html]
[aidan-cage.diaryland.com/030807_53.html]
[aidan-cage.diaryland.com/030803_22.html]
[aidan-cage.diaryland.com/030801_2.html]
[aidan-cage.diaryland.com/030731_53.html]
[aidan-cage.diaryland.com/030727_68.html]
[aidan-cage.diaryland.com/030725_63.html]
[aidan-cage.diaryland.com/030722_96.html]
[aidan-cage.diaryland.com/030721_75.html]
[aidan-cage.diaryland.com/030719_6.html]
[aidan-cage.diaryland.com/030714_29.html]
[aidan-cage.diaryland.com/030712_98.html]
[aidan-cage.diaryland.com/030710_57.html]
[aidan-cage.diaryland.com/030708_71.html]
[aidan-cage.diaryland.com/030705_67.html]
[aidan-cage.diaryland.com/030704_14.html]
[aidan-cage.diaryland.com/030702_65.html]
[aidan-cage.diaryland.com/030624_33.html]
[aidan-cage.diaryland.com/030615_62.html]
[aidan-cage.diaryland.com/030610_48.html]
[aidan-cage.diaryland.com/030603_30.html]
[aidan-cage.diaryland.com/030514_37.html]
[aidan-cage.diaryland.com/030511_11.html]
[aidan-cage.diaryland.com/030510_29.html]
[aidan-cage.diaryland.com/030510_13.html]
[aidan-cage.diaryland.com/030427_76.html]
[aidan-cage.diaryland.com/030407_25.html]
[aidan-cage.diaryland.com/030331_44.html]
[aidan-cage.diaryland.com/030325_18.html]
[aidan-cage.diaryland.com/030314_9.html]
[aidan-cage.diaryland.com/030307_13.html]
[aidan-cage.diaryland.com/030304_31.html]
[aidan-cage.diaryland.com/030225_40.html]
[aidan-cage.diaryland.com/030223_47.html]
[aidan-cage.diaryland.com/030222_1.html]
[aidan-cage.diaryland.com/030215_77.html]
[aidan-cage.diaryland.com/030213_56.html]
[aidan-cage.diaryland.com/030211_74.html]
[aidan-cage.diaryland.com/030203_66.html]
[aidan-cage.diaryland.com/030130_91.html]
[aidan-cage.diaryland.com/030124_24.html]
[aidan-cage.diaryland.com/030116_89.html]
[aidan-cage.diaryland.com/030108_73.html]
[aidan-cage.diaryland.com/030102_12.html]
[aidan-cage.diaryland.com/021226_55.html]
[aidan-cage.diaryland.com/021220_37.html]
[aidan-cage.diaryland.com/021218_87.html]
[aidan-cage.diaryland.com/021216_87.html]
[aidan-cage.diaryland.com/021215_20.html]
[aidan-cage.diaryland.com/021206_36.html]
[aidan-cage.diaryland.com/021125_63.html]
[aidan-cage.diaryland.com/021118_58.html]
[aidan-cage.diaryland.com/021112_92.html]
[aidan-cage.diaryland.com/021110_74.html]
[aidan-cage.diaryland.com/021106_38.html]
[aidan-cage.diaryland.com/021104_6.html]
[aidan-cage.diaryland.com/021024_28.html]
[aidan-cage.diaryland.com/021022_58.html]
[aidan-cage.diaryland.com/021021_34.html]
[aidan-cage.diaryland.com/021019_53.html]
[aidan-cage.diaryland.com/021015_60.html]
[aidan-cage.diaryland.com/021010_98.html]
[aidan-cage.diaryland.com/021008_17.html]
[aidan-cage.diaryland.com/021002_59.html]
[aidan-cage.diaryland.com/020926_95.html]
[aidan-cage.diaryland.com/020921_20.html]
[aidan-cage.diaryland.com/020917_51.html]
[aidan-cage.diaryland.com/020910_92.html]
[aidan-cage.diaryland.com/020906_13.html]
[aidan-cage.diaryland.com/020904_10.html]
[aidan-cage.diaryland.com/020901_13.html]
[aidan-cage.diaryland.com/020830_32.html]
[aidan-cage.diaryland.com/020827_17.html]
[aidan-cage.diaryland.com/020820_31.html]
[aidan-cage.diaryland.com/020818_39.html]
[aidan-cage.diaryland.com/020811_57.html]
[aidan-cage.diaryland.com/020806_58.html]
[aidan-cage.diaryland.com/020728_66.html]
[aidan-cage.diaryland.com/020713_27.html]
[aidan-cage.diaryland.com/020704_73.html]
[aidan-cage.diaryland.com/020623_44.html]
[aidan-cage.diaryland.com/020614_34.html]
[aidan-cage.diaryland.com/020608_27.html]
[aidan-cage.diaryland.com/020531_3.html]
[aidan-cage.diaryland.com/020523_33.html]
[aidan-cage.diaryland.com/020516_56.html]
[aidan-cage.diaryland.com/020514_87.html]
[aidan-cage.diaryland.com/020428_76.html]
[aidan-cage.diaryland.com/020428_62.html]
[aidan-cage.diaryland.com/020427_68.html]
[aidan-cage.diaryland.com/020425_38.html]
[aidan-cage.diaryland.com/020420_73.html]
[aidan-cage.diaryland.com/020419_31.html]
[aidan-cage.diaryland.com/020414_8.html]
[aidan-cage.diaryland.com/020411_36.html]
[aidan-cage.diaryland.com/020410_6.html]
[aidan-cage.diaryland.com/020405_12.html]
[aidan-cage.diaryland.com/020403_7.html]
[aidan-cage.diaryland.com/020326_18.html]
[aidan-cage.diaryland.com/020324_14.html]
[aidan-cage.diaryland.com/020324_59.html]
[aidan-cage.diaryland.com/020320_59.html]
[aidan-cage.diaryland.com/020317_96.html]
[aidan-cage.diaryland.com/020315_97.html]
[aidan-cage.diaryland.com/020311_66.html]
[aidan-cage.diaryland.com/020309_77.html]
[aidan-cage.diaryland.com/020306_76.html]
[aidan-cage.diaryland.com/020302_41.html]
[aidan-cage.diaryland.com/020227_33.html]
[aidan-cage.diaryland.com/020225_56.html]
[aidan-cage.diaryland.com/020224_58.html]
[aidan-cage.diaryland.com/020223_89.html]
[aidan-cage.diaryland.com/020222_67.html]
[aidan-cage.diaryland.com/020219_43.html]
[aidan-cage.diaryland.com/020218_23.html]
[aidan-cage.diaryland.com/020216_58.html]
[aidan-cage.diaryland.com/020212_83.html]
[aidan-cage.diaryland.com/020211_82.html]
[aidan-cage.diaryland.com/020209_98.html]
[aidan-cage.diaryland.com/020206_50.html]
[aidan-cage.diaryland.com/020201_25.html]
[aidan-cage.diaryland.com/020127_97.html]
[aidan-cage.diaryland.com/020122_13.html]
[aidan-cage.diaryland.com/020119_85.html]
[aidan-cage.diaryland.com/020116_41.html]
[aidan-cage.diaryland.com/020114_24.html]
[aidan-cage.diaryland.com/Will.html]
[aidan-cage.diaryland.com/020109_76.html]
[aidan-cage.diaryland.com/020106_21.html]
[aidan-cage.diaryland.com/020101_36.html]
[aidan-cage.diaryland.com/011231_17.html]
[aidan-cage.diaryland.com/011228_54.html]
[aidan-cage.diaryland.com/011222_86.html]
[aidan-cage.diaryland.com/011216_44.html]
[aidan-cage.diaryland.com/011215_13.html]
[aidan-cage.diaryland.com/011213_91.html]
[aidan-cage.diaryland.com/011209_60.html]
[aidan-cage.diaryland.com/011207_50.html]
[aidan-cage.diaryland.com/011204_43.html]
[aidan-cage.diaryland.com/011129_21.html]
[aidan-cage.diaryland.com/011124_72.html]
[aidan-cage.diaryland.com/011106_84.html]
[aidan-cage.diaryland.com/011102_56.html]
[aidan-cage.diaryland.com/011027_17.html]
[aidan-cage.diaryland.com/011016_81.html]
[aidan-cage.diaryland.com/011013_91.html]
[aidan-cage.diaryland.com/011013_74.html]
[aidan-cage.diaryland.com/011009_53.html]
[aidan-cage.diaryland.com/011007_94.html]
[aidan-cage.diaryland.com/011002_69.html]
[aidan-cage.diaryland.com/010923_22.html]
[aidan-cage.diaryland.com/010920_44.html]
[aidan-cage.diaryland.com/010914_96.html]
[aidan-cage.diaryland.com/010910_17.html]
[aidan-cage.diaryland.com/010903_34.html]
[aidan-cage.diaryland.com/010830_57.html]
[aidan-cage.diaryland.com/010827_86.html]
[aidan-cage.diaryland.com/010820_90.html]
[aidan-cage.diaryland.com/010815_5.html]
[aidan-cage.diaryland.com/010811_93.html]
[aidan-cage.diaryland.com/010810_1.html]
[aidan-cage.diaryland.com/010807_89.html]
[aidan-cage.diaryland.com/010803_58.html]
[aidan-cage.diaryland.com/010802_82.html]
[aidan-cage.diaryland.com/010727_24.html]
[aidan-cage.diaryland.com/010726_20.html]
[aidan-cage.diaryland.com/010723_35.html]
[aidan-cage.diaryland.com/010721_88.html]
[aidan-cage.diaryland.com/010720_69.html]
[aidan-cage.diaryland.com/010719_95.html]
[aidan-cage.diaryland.com/010717_77.html]
[aidan-cage.diaryland.com/010716_33.html]
[aidan-cage.diaryland.com/010709_34.html]
[aidan-cage.diaryland.com/010706_10.html]
[aidan-cage.diaryland.com/010629_18.html]
[aidan-cage.diaryland.com/God.html]
[aidan-cage.diaryland.com/010627_63.html]
[aidan-cage.diaryland.com/010624_5.html]
[aidan-cage.diaryland.com/010623_45.html]
[aidan-cage.diaryland.com/010621_93.html]
[aidan-cage.diaryland.com/010618_49.html]
[aidan-cage.diaryland.com/docudrama.html]
[aidan-cage.diaryland.com/010612_82.html]
[aidan-cage.diaryland.com/anthology.html]
[aidan-cage.diaryland.com/010607_22.html]
[aidan-cage.diaryland.com/010607_88.html]
[aidan-cage.diaryland.com/010606_38.html]
[aidan-cage.diaryland.com/010603_23.html]
[aidan-cage.diaryland.com/010602_35.html]
[aidan-cage.diaryland.com/010531_12.html]
[aidan-cage.diaryland.com/010522_16.html]
[aidan-cage.diaryland.com/010408_27.html]
[aidan-cage.diaryland.com/suspension.html]
[aidan-cage.diaryland.com/090318_59.html]
[aidan-cage.diaryland.com/081118_90.html]
